---
source: backend/tests/snapshots.rs
assertion_line: 160
expression: body
---
{
  "message": "success",
  "thoughts": [
    {
      "id": 1,
      "content": "第一則碎念",
      "ref_type": null,
      "ref_url": null,
      "ref_json": null,
      "likes": 0,
      "created_at": "[created_at]",
      "updated_at": "[updated_at]",
      "edited": false,
      "dislikes": 0,
      "comment_count": 0,
      "ref": null
    }
  ]
}
